backend_1  | [DEBUG] Generated proxy ID: 9d04d7b7-7bc7-4449-bb8e-f3167ba1df73 for quality 1080p
backend_1  | [DEBUG] Generated DIRECT proxy ID: dd4e06c8-0a74-4e15-8971-565e48f07abb for 360p
backend_1  | 2026-02-21 00:37:28,988 INFO sqlalchemy.engine.Engine BEGIN (implicit)
backend_1  | 2026-02-21 00:37:28,988 INFO sqlalchemy.engine.Engine SELECT videos.id, videos.channel_id, videos.title, videos.description, videos.tags, videos.category_id, videos.published_at, videos.duration, videos.view_count 
backend_1  | FROM videos 
backend_1  | WHERE videos.id = $1::VARCHAR
backend_1  | 2026-02-21 00:37:28,988 INFO sqlalchemy.engine.Engine [cached since 70.71s ago] ('FxNsHnpqV9Q',)
backend_1  | 2026-02-21 00:37:28,989 INFO sqlalchemy.engine.Engine SELECT videos.id, videos.channel_id, videos.title, videos.description, videos.tags, videos.category_id, videos.published_at, videos.duration, videos.view_count 
backend_1  | FROM videos 
backend_1  | WHERE videos.id = $1::VARCHAR
backend_1  | 2026-02-21 00:37:28,989 INFO sqlalchemy.engine.Engine [cached since 70.71s ago] ('t9-bl-rpZbE',)
backend_1  | 2026-02-21 00:37:28,990 INFO sqlalchemy.engine.Engine SELECT videos.id, videos.channel_id, videos.title, videos.description, videos.tags, videos.category_id, videos.published_at, videos.duration, videos.view_count 
backend_1  | FROM videos 
backend_1  | WHERE videos.id = $1::VARCHAR
backend_1  | 2026-02-21 00:37:28,990 INFO sqlalchemy.engine.Engine [cached since 70.71s ago] ('URGTmOXixLM',)
backend_1  | 2026-02-21 00:37:28,990 INFO sqlalchemy.engine.Engine SELECT videos.id, videos.channel_id, videos.title, videos.description, videos.tags, videos.category_id, videos.published_at, videos.duration, videos.view_count 
backend_1  | FROM videos 
backend_1  | WHERE videos.id = $1::VARCHAR
backend_1  | 2026-02-21 00:37:28,990 INFO sqlalchemy.engine.Engine [cached since 70.72s ago] ('NU5VEF3PCDw',)
backend_1  | 2026-02-21 00:37:28,991 INFO sqlalchemy.engine.Engine SELECT videos.id, videos.channel_id, videos.title, videos.description, videos.tags, videos.category_id, videos.published_at, videos.duration, videos.view_count 
backend_1  | FROM videos 
backend_1  | WHERE videos.id = $1::VARCHAR
backend_1  | 2026-02-21 00:37:28,991 INFO sqlalchemy.engine.Engine [cached since 70.72s ago] ('dlFA0Zq1k2A',)
backend_1  | 2026-02-21 00:37:28,992 INFO sqlalchemy.engine.Engine COMMIT
backend_1  | [DEBUG] Processing 31 formats for streams...
backend_1  | [DEBUG] Found best audio: 132.19 (URL len: 1079)
backend_1  | [DEBUG] Found 4 video-only formats.
backend_1  | [DEBUG] Generated proxy ID: b79e10e0-cf16-48ff-bef2-c5b1aa76c424 for quality 720p
backend_1  | [DEBUG] Generated proxy ID: afc4f09c-1729-4927-80de-16c61b50cc92 for quality 1080p
backend_1  | [DEBUG] Generated proxy ID: 4537e758-e1c1-4853-8ed0-917b7f67db59 for quality 1440p
backend_1  | [DEBUG] Generated proxy ID: 61a62fd9-a933-4510-8f19-4dcd06491016 for quality 2160p
backend_1  | [DEBUG] Generated DIRECT proxy ID: 9ae73d21-6b07-4c2e-94b2-08cd94f871d9 for 360p
backend_1  | 2026-02-21 00:37:30,035 INFO sqlalchemy.engine.Engine SELECT videos.id, videos.channel_id, videos.title, videos.description, videos.tags, videos.category_id, videos.published_at, videos.duration, videos.view_count 
backend_1  | FROM videos 
backend_1  | WHERE videos.id = $1::VARCHAR
backend_1  | 2026-02-21 00:37:30,035 INFO sqlalchemy.engine.Engine [cached since 71.76s ago] ('a9AjfNHCwaU',)
backend_1  | 2026-02-21 00:37:30,036 INFO sqlalchemy.engine.Engine SELECT videos.id, videos.channel_id, videos.title, videos.description, videos.tags, videos.category_id, videos.published_at, videos.duration, videos.view_count 
backend_1  | FROM videos 
backend_1  | WHERE videos.id = $1::VARCHAR
backend_1  | 2026-02-21 00:37:30,036 INFO sqlalchemy.engine.Engine [cached since 71.76s ago] ('2Zf1e2Gh9xs',)
backend_1  | 2026-02-21 00:37:30,036 INFO sqlalchemy.engine.Engine SELECT videos.id, videos.channel_id, videos.title, videos.description, videos.tags, videos.category_id, videos.published_at, videos.duration, videos.view_count 
backend_1  | FROM videos 
backend_1  | WHERE videos.id = $1::VARCHAR
backend_1  | 2026-02-21 00:37:30,036 INFO sqlalchemy.engine.Engine [cached since 71.76s ago] ('QKc8uzz_9Z4',)
backend_1  | 2026-02-21 00:37:30,037 INFO sqlalchemy.engine.Engine SELECT videos.id, videos.channel_id, videos.title, videos.description, videos.tags, videos.category_id, videos.published_at, videos.duration, videos.view_count 
backend_1  | FROM videos 
backend_1  | WHERE videos.id = $1::VARCHAR
backend_1  | 2026-02-21 00:37:30,037 INFO sqlalchemy.engine.Engine [cached since 71.76s ago] ('GVaRFNshr1w',)
backend_1  | 2026-02-21 00:37:30,038 INFO sqlalchemy.engine.Engine SELECT videos.id, videos.channel_id, videos.title, videos.description, videos.tags, videos.category_id, videos.published_at, videos.duration, videos.view_count 
backend_1  | FROM videos 
backend_1  | WHERE videos.id = $1::VARCHAR
backend_1  | 2026-02-21 00:37:30,038 INFO sqlalchemy.engine.Engine [cached since 71.76s ago] ('y7SAycD4hHI',)
backend_1  | 2026-02-21 00:37:30,038 INFO sqlalchemy.engine.Engine COMMIT
backend_1  | [DEBUG] Processing 24 formats for streams...
backend_1  | [DEBUG] Found best audio: 151.197 (URL len: 1094)
backend_1  | [DEBUG] Found 1 video-only formats.
backend_1  | [DEBUG] Generated proxy ID: 2f4a934e-bddf-4da9-b53b-6dbd308a682f for quality 720p
backend_1  | [DEBUG] Processing 21 formats for streams...
backend_1  | [DEBUG] Found best audio: 142.063 (URL len: 1114)
backend_1  | [DEBUG] Found 2 video-only formats.
backend_1  | [DEBUG] Generated DIRECT proxy ID: 4ed4c440-ac83-4859-9e9b-f11f74161c5a for 360p
backend_1  | [DEBUG] Generated proxy ID: d31e9d95-f986-4098-97bc-a485e1070df7 for quality 720p
backend_1  | [DEBUG] Generated proxy ID: 13c5bc47-1a83-491f-bebd-820c8448dff9 for quality 1080p
backend_1  | [DEBUG] Generated DIRECT proxy ID: b8533b36-b1f4-4172-95ae-536915b31782 for 360p
backend_1  | [DEBUG] Processing 27 formats for streams...
backend_1  | [DEBUG] Found best audio: 135.982 (URL len: 1102)
backend_1  | [DEBUG] Found 2 video-only formats.
backend_1  | [DEBUG] Generated proxy ID: 268d6254-c709-4761-9c85-5e207a0b96a0 for quality 720p
backend_1  | [DEBUG] Generated proxy ID: 3ac2afa1-6a20-4875-a9c3-191ba4e65bb6 for quality 1080p
backend_1  | [DEBUG] Generated DIRECT proxy ID: 623731a0-e5e1-44a9-a5cf-63b5e0542a73 for 360p
backend_1  | [DEBUG] Processing 25 formats for streams...
backend_1  | [DEBUG] Found best audio: 139.556 (URL len: 1084)
backend_1  | [DEBUG] Found 2 video-only formats.
backend_1  | [DEBUG] Generated proxy ID: f15e4f35-e6d3-44ab-a701-2e00e95c61de for quality 720p
backend_1  | [DEBUG] Generated proxy ID: 514a9d15-6270-4b03-8f81-766bee238617 for quality 1080p
backend_1  | [DEBUG] Generated DIRECT proxy ID: 6c6d378b-65e8-49a0-ba69-36a1640ddbeb for 360p
backend_1  | [DEBUG] Processing 26 formats for streams...
backend_1  | [DEBUG] Found best audio: 145.863 (URL len: 1114)
backend_1  | [DEBUG] Found 2 video-only formats.
backend_1  | [DEBUG] Generated proxy ID: 5bca22f4-eb5d-4c4d-a9ae-d8c791f77d03 for quality 720p
backend_1  | [DEBUG] Generated proxy ID: c2f14a98-9dd5-4f18-90cd-5aadce2ac681 for quality 1080p
backend_1  | [DEBUG] Generated DIRECT proxy ID: 9bb36880-64c3-4553-a6eb-72349d892b7b for 360p
backend_1  | 2026-02-21 00:37:31,948 INFO sqlalchemy.engine.Engine BEGIN (implicit)
backend_1  | 2026-02-21 00:37:31,949 INFO sqlalchemy.engine.Engine SELECT videos.id, videos.channel_id, videos.title, videos.description, videos.tags, videos.category_id, videos.published_at, videos.duration, videos.view_count 
backend_1  | FROM videos 
backend_1  | WHERE videos.id = $1::VARCHAR
backend_1  | 2026-02-21 00:37:31,949 INFO sqlalchemy.engine.Engine [cached since 73.67s ago] ('UzChnKdV48I',)
backend_1  | 2026-02-21 00:37:31,950 INFO sqlalchemy.engine.Engine SELECT videos.id, videos.channel_id, videos.title, videos.description, videos.tags, videos.category_id, videos.published_at, videos.duration, videos.view_count 
backend_1  | FROM videos 
backend_1  | WHERE videos.id = $1::VARCHAR
backend_1  | 2026-02-21 00:37:31,950 INFO sqlalchemy.engine.Engine [cached since 73.67s ago] ('I4eEylizW4I',)
backend_1  | 2026-02-21 00:37:31,951 INFO sqlalchemy.engine.Engine SELECT videos.id, videos.channel_id, videos.title, videos.description, videos.tags, videos.category_id, videos.published_at, videos.duration, videos.view_count 
backend_1  | FROM videos 
backend_1  | WHERE videos.id = $1::VARCHAR
backend_1  | 2026-02-21 00:37:31,951 INFO sqlalchemy.engine.Engine [cached since 73.68s ago] ('6vGnaX7QUVo',)
backend_1  | 2026-02-21 00:37:31,951 INFO sqlalchemy.engine.Engine SELECT videos.id, videos.channel_id, videos.title, videos.description, videos.tags, videos.category_id, videos.published_at, videos.duration, videos.view_count 
backend_1  | FROM videos 
backend_1  | WHERE videos.id = $1::VARCHAR
backend_1  | 2026-02-21 00:37:31,951 INFO sqlalchemy.engine.Engine [cached since 73.68s ago] ('PC6cPairOTA',)
backend_1  | 2026-02-21 00:37:31,952 INFO sqlalchemy.engine.Engine INSERT INTO videos (id, channel_id, title, description, tags, category_id, published_at, duration, view_count) VALUES ($1::VARCHAR, $2::VARCHAR, $3::VARCHAR, $4::VARCHAR, $5::JSON, $6::VARCHAR, $7::TIMESTAMP WITHOUT TIME ZONE, $8::INTEGER, $9::INTEGER)
backend_1  | 2026-02-21 00:37:31,952 INFO sqlalchemy.engine.Engine [cached since 69.01s ago] ('PC6cPairOTA', 'UCNYA6zBw0z_jTIbo8BpjRSw', 'Itzhak Perlman - Mendelssohn: Violin Concerto in E - Various Conductors & Orchestras/Fan Compilation', 'Author: Passion For Violin (Recommended via tag: Violin)', '["Violin"]', '', datetime.datetime(2026, 2, 21, 0, 37, 31, 951940), 1669, 5429333)
backend_1  | 2026-02-21 00:37:31,953 INFO sqlalchemy.engine.Engine SELECT videos.id, videos.channel_id, videos.title, videos.description, videos.tags, videos.category_id, videos.published_at, videos.duration, videos.view_count 
backend_1  | FROM videos 
backend_1  | WHERE videos.id = $1::VARCHAR
backend_1  | 2026-02-21 00:37:31,953 INFO sqlalchemy.engine.Engine [cached since 73.68s ago] ('cokCgWPRZPg',)
backend_1  | 2026-02-21 00:37:31,953 INFO sqlalchemy.engine.Engine COMMIT
backend_1  | [DEBUG] Processing 27 formats for streams...
backend_1  | [DEBUG] Found best audio: 129.495 (URL len: 1113)
backend_1  | [DEBUG] Found 2 video-only formats.
backend_1  | [DEBUG] Generated proxy ID: 97ba2d90-b6be-4498-8f78-a645050b381e for quality 720p
backend_1  | [DEBUG] Generated proxy ID: 32f55bd5-d1be-41b5-a992-c616f704d063 for quality 1080p
backend_1  | [DEBUG] Generated DIRECT proxy ID: f5ba31a1-c410-4e3e-87ba-05b11e7f3f58 for 360p
backend_1  | [DEBUG] Processing 26 formats for streams...
backend_1  | [DEBUG] Found best audio: 129.471 (URL len: 1105)
backend_1  | [DEBUG] Found 2 video-only formats.
backend_1  | [DEBUG] Generated proxy ID: 43f901ce-6744-42eb-960f-a42003bfb113 for quality 720p
backend_1  | [DEBUG] Generated proxy ID: 690f3d8d-35af-4a3c-a238-4a183b746eb3 for quality 1080p
backend_1  | [DEBUG] Generated DIRECT proxy ID: cb051154-23e5-4eaf-a715-e35bd2b86345 for 360p
backend_1  | [DEBUG] Processing 27 formats for streams...
backend_1  | [DEBUG] Found best audio: 129.488 (URL len: 1089)
backend_1  | [DEBUG] Found 2 video-only formats.
backend_1  | [DEBUG] Generated proxy ID: c9b42b70-3bed-4eda-ac9f-0863b161cc69 for quality 720p
backend_1  | [DEBUG] Generated proxy ID: 8eb6bad8-dba0-4b8c-8cb5-21049f43146a for quality 1080p
backend_1  | [DEBUG] Generated DIRECT proxy ID: 2b0836c5-c2ff-4959-a32d-883e9555f29c for 360p
backend_1  | [DEBUG] Processing 27 formats for streams...
backend_1  | [DEBUG] Found best audio: 129.489 (URL len: 1094)
backend_1  | [DEBUG] Found 2 video-only formats.
backend_1  | [DEBUG] Generated proxy ID: d7cf4095-d0e5-462b-808d-5f9a12ee07a4 for quality 720p
backend_1  | [DEBUG] Generated proxy ID: 24374320-df92-40db-92dd-13bbb2e2c437 for quality 1080p
backend_1  | [DEBUG] Generated DIRECT proxy ID: a121c145-b982-496a-b557-25b87942f562 for 360p
backend_1  | [DEBUG] Processing 27 formats for streams...
backend_1  | [DEBUG] Found best audio: 129.49 (URL len: 1088)
backend_1  | [DEBUG] Found 2 video-only formats.
backend_1  | [DEBUG] Generated proxy ID: 4cee7a8c-c352-4c12-b541-8bea9577a742 for quality 720p
backend_1  | [DEBUG] Generated proxy ID: 4652476f-b551-49de-b249-98af2b89963d for quality 1080p
backend_1  | [DEBUG] Generated DIRECT proxy ID: 0b1558c9-dc44-4afd-b563-4c88fbd022c2 for 360p
backend_1  | 2026-02-21 00:37:33,636 INFO sqlalchemy.engine.Engine BEGIN (implicit)
backend_1  | 2026-02-21 00:37:33,636 INFO sqlalchemy.engine.Engine SELECT videos.id, videos.channel_id, videos.title, videos.description, videos.tags, videos.category_id, videos.published_at, videos.duration, videos.view_count 
backend_1  | FROM videos 
backend_1  | WHERE videos.id = $1::VARCHAR
backend_1  | 2026-02-21 00:37:33,636 INFO sqlalchemy.engine.Engine [cached since 75.36s ago] ('FxNsHnpqV9Q',)
backend_1  | 2026-02-21 00:37:33,638 INFO sqlalchemy.engine.Engine SELECT videos.id, videos.channel_id, videos.title, videos.description, videos.tags, videos.category_id, videos.published_at, videos.duration, videos.view_count 
backend_1  | FROM videos 
backend_1  | WHERE videos.id = $1::VARCHAR
backend_1  | 2026-02-21 00:37:33,638 INFO sqlalchemy.engine.Engine [cached since 75.36s ago] ('t9-bl-rpZbE',)
backend_1  | 2026-02-21 00:37:33,638 INFO sqlalchemy.engine.Engine SELECT videos.id, videos.channel_id, videos.title, videos.description, videos.tags, videos.category_id, videos.published_at, videos.duration, videos.view_count 
backend_1  | FROM videos 
backend_1  | WHERE videos.id = $1::VARCHAR
backend_1  | 2026-02-21 00:37:33,638 INFO sqlalchemy.engine.Engine [cached since 75.36s ago] ('URGTmOXixLM',)
backend_1  | 2026-02-21 00:37:33,639 INFO sqlalchemy.engine.Engine SELECT videos.id, videos.channel_id, videos.title, videos.description, videos.tags, videos.category_id, videos.published_at, videos.duration, videos.view_count 
backend_1  | FROM videos 
backend_1  | WHERE videos.id = $1::VARCHAR
backend_1  | 2026-02-21 00:37:33,639 INFO sqlalchemy.engine.Engine [cached since 75.36s ago] ('NU5VEF3PCDw',)
backend_1  | 2026-02-21 00:37:33,639 INFO sqlalchemy.engine.Engine SELECT videos.id, videos.channel_id, videos.title, videos.description, videos.tags, videos.category_id, videos.published_at, videos.duration, videos.view_count 
backend_1  | FROM videos 
backend_1  | WHERE videos.id = $1::VARCHAR
backend_1  | 2026-02-21 00:37:33,639 INFO sqlalchemy.engine.Engine [cached since 75.36s ago] ('dlFA0Zq1k2A',)
backend_1  | 2026-02-21 00:37:33,640 INFO sqlalchemy.engine.Engine COMMIT
backend_1  | 2026-02-21 00:39:17,474 INFO sqlalchemy.engine.Engine BEGIN (implicit)
backend_1  | 2026-02-21 00:39:17,477 INFO sqlalchemy.engine.Engine SELECT users.id, users.username, users.password_hash, users.created_at 
backend_1  | FROM users 
backend_1  | WHERE users.id = $1::INTEGER
backend_1  | 2026-02-21 00:39:17,477 INFO sqlalchemy.engine.Engine [cached since 186.3s ago] (1,)
backend_1  | 2026-02-21 00:39:17,494 INFO sqlalchemy.engine.Engine SELECT watch_history.id, watch_history.user_id, watch_history.video_id, watch_history.video_title, watch_history.video_thumbnail, watch_history.video_author, watch_history.video_duration, watch_history.watched_at, watch_history.progress_seconds, watch_history.duration_watched, watch_history.completion_rate, watch_history.interaction_type 
backend_1  | FROM watch_history 
backend_1  | WHERE watch_history.user_id = $1::INTEGER ORDER BY watch_history.watched_at DESC 
backend_1  |  LIMIT $2::INTEGER
backend_1  | 2026-02-21 00:39:17,494 INFO sqlalchemy.engine.Engine [cached since 186.2s ago] (1, 50)
backend_1  | 2026-02-21 00:39:17,522 INFO sqlalchemy.engine.Engine SELECT subscriptions.channel_id 
backend_1  | FROM subscriptions 
backend_1  | WHERE subscriptions.user_id = $1::INTEGER
backend_1  | 2026-02-21 00:39:17,522 INFO sqlalchemy.engine.Engine [cached since 186.2s ago] (1,)
backend_1  | 2026-02-21 00:39:17,525 INFO sqlalchemy.engine.Engine SELECT videos.id, videos.channel_id, videos.title, videos.description, videos.tags, videos.category_id, videos.published_at, videos.duration, videos.view_count 
backend_1  | FROM videos 
backend_1  | WHERE videos.published_at >= $1::TIMESTAMP WITHOUT TIME ZONE ORDER BY videos.published_at DESC 
backend_1  |  LIMIT $2::INTEGER
backend_1  | 2026-02-21 00:39:17,525 INFO sqlalchemy.engine.Engine [cached since 185.7s ago] (datetime.datetime(2025, 12, 23, 0, 39, 17, 524558), 800)
backend_1  | 2026-02-21 00:39:17,560 INFO sqlalchemy.engine.Engine ROLLBACK
backend_1  | INFO:     172.18.0.1:63668 - "GET /api/feed/?limit=50 HTTP/1.1" 200 OK
backend_1  | 2026-02-21 00:39:28,139 INFO sqlalchemy.engine.Engine BEGIN (implicit)
backend_1  | 2026-02-21 00:39:28,143 INFO sqlalchemy.engine.Engine SELECT users.id, users.username, users.password_hash, users.created_at 
backend_1  | FROM users 
backend_1  | WHERE users.id = $1::INTEGER
backend_1  | 2026-02-21 00:39:28,143 INFO sqlalchemy.engine.Engine [cached since 197s ago] (1,)
backend_1  | 2026-02-21 00:39:28,166 INFO sqlalchemy.engine.Engine SELECT watch_history.id, watch_history.user_id, watch_history.video_id, watch_history.video_title, watch_history.video_thumbnail, watch_history.video_author, watch_history.video_duration, watch_history.watched_at, watch_history.progress_seconds, watch_history.duration_watched, watch_history.completion_rate, watch_history.interaction_type 
backend_1  | FROM watch_history 
backend_1  | WHERE watch_history.user_id = $1::INTEGER ORDER BY watch_history.watched_at DESC 
backend_1  |  LIMIT $2::INTEGER
backend_1  | 2026-02-21 00:39:28,167 INFO sqlalchemy.engine.Engine [cached since 196.9s ago] (1, 50)
backend_1  | 2026-02-21 00:39:28,199 INFO sqlalchemy.engine.Engine SELECT subscriptions.channel_id 
backend_1  | FROM subscriptions 
backend_1  | WHERE subscriptions.user_id = $1::INTEGER
backend_1  | 2026-02-21 00:39:28,199 INFO sqlalchemy.engine.Engine [cached since 196.9s ago] (1,)
backend_1  | 2026-02-21 00:39:28,202 INFO sqlalchemy.engine.Engine SELECT videos.id, videos.channel_id, videos.title, videos.description, videos.tags, videos.category_id, videos.published_at, videos.duration, videos.view_count 
backend_1  | FROM videos 
backend_1  | WHERE videos.published_at >= $1::TIMESTAMP WITHOUT TIME ZONE ORDER BY videos.published_at DESC 
backend_1  |  LIMIT $2::INTEGER
backend_1  | 2026-02-21 00:39:28,202 INFO sqlalchemy.engine.Engine [cached since 196.4s ago] (datetime.datetime(2025, 12, 23, 0, 39, 28, 201804), 800)
backend_1  | 2026-02-21 00:39:28,236 INFO sqlalchemy.engine.Engine ROLLBACK
backend_1  | INFO:     172.18.0.1:63672 - "GET /api/feed/?limit=50 HTTP/1.1" 200 OK
